[GCC 9.1.0] on linux
Type "help", "copyright", "credits" or "license" for more information.
>>> say_my_name = __import__('3-say_my_name').say_my_name
>>> say_my_name("Walter", "White")
My name is Walter White
>>> say_my_name("John", "Smith")
My name is John Smith
>>> say_my_name("Bob")
My name is Bob 
>>> say_my_name(12, "White")
Traceback (most recent call last):
  File "<stdin>", line 1, in <module>
  File "/home/dr2d4/Documentos/git/holbertonschool-higher_level_programming/0x07-python-test_driven_development/3-say_my_name.py", line 23, in say_my_name
    raise TypeError('first_name must be a string')
TypeError: first_name must be a string
>>> say_my_name("White", 12)
Traceback (most recent call last):
  File "<stdin>", line 1, in <module>
  File "/home/dr2d4/Documentos/git/holbertonschool-higher_level_programming/0x07-python-test_driven_development/3-say_my_name.py", line 26, in say_my_name
    raise TypeError('last_name must be a string')
TypeError: last_name must be a string
